main.c:95:6:display7SEG	16	static
main.c:106:6:setTimer	16	static
main.c:111:6:timer_run	4	static
main.c:118:15:get_timer_flag	4	static
main.c:123:6:setTimer1	16	static
main.c:128:6:timer1_run	4	static
main.c:137:6:HAL_UART_RxCpltCallback	16	static
main.c:149:6:get_ADC_value	48	static
main.c:162:6:set_timeout	16	static
main.c:169:6:command_parser_fsm	32	static
main.c:205:6:uart_communication_fsm	8	static
main.c:247:5:main	8	static
main.c:320:6:SystemClock_Config	88	static
main.c:363:13:MX_ADC1_Init	24	static
main.c:408:13:MX_TIM2_Init	32	static
main.c:453:13:MX_USART2_UART_Init	8	static
main.c:486:13:MX_GPIO_Init	32	static
main.c:520:6:HAL_TIM_PeriodElapsedCallback	16	static
main.c:532:6:Error_Handler	4	static,ignoring_inline_asm
